###############################################################################
#
# IAR ELF Linker V9.10.2.313/W64 for ARM                  05/Jun/2021  20:13:57
# Copyright 2007-2021 IAR Systems AB.
#
#    Output file  =
#        D:\Micha³a\OneDrive\OneDrive - Politechnika Krakowska im. Tadeusza
#        Koœciuszki\Semestr 4\MiM_2\Lab8\Cube\EWARM\Cube\Exe\Cube.out
#    Map file     =
#        D:\Micha³a\OneDrive\OneDrive - Politechnika Krakowska im. Tadeusza
#        Koœciuszki\Semestr 4\MiM_2\Lab8\Cube\EWARM\Cube\List\Cube.map
#    Command line =
#        -f "D:\Micha³a\OneDrive\OneDrive - Politechnika Krakowska im.
#        Tadeusza Koœciuszki\Semestr
#        4\MiM_2\Lab8\Cube\EWARM\Cube\Exe\Cube.out.rsp"
#        ("D:\Micha³a\OneDrive\OneDrive - Politechnika Krakowska im. Tadeusza
#        Koœciuszki\Semestr
#        4\MiM_2\Lab8\Cube\EWARM\Cube\Obj\Application\User\Core\main.o"
#        "D:\Micha³a\OneDrive\OneDrive - Politechnika Krakowska im. Tadeusza
#        Koœciuszki\Semestr
#        4\MiM_2\Lab8\Cube\EWARM\Cube\Obj\Application\EWARM\startup_stm32f072xb.o"
#        "D:\Micha³a\OneDrive\OneDrive - Politechnika Krakowska im. Tadeusza
#        Koœciuszki\Semestr
#        4\MiM_2\Lab8\Cube\EWARM\Cube\Obj\Drivers\STM32F0xx_HAL_Driver\stm32f0xx_hal.o"
#        "D:\Micha³a\OneDrive\OneDrive - Politechnika Krakowska im. Tadeusza
#        Koœciuszki\Semestr
#        4\MiM_2\Lab8\Cube\EWARM\Cube\Obj\Drivers\STM32F0xx_HAL_Driver\stm32f0xx_hal_cortex.o"
#        "D:\Micha³a\OneDrive\OneDrive - Politechnika Krakowska im. Tadeusza
#        Koœciuszki\Semestr
#        4\MiM_2\Lab8\Cube\EWARM\Cube\Obj\Drivers\STM32F0xx_HAL_Driver\stm32f0xx_hal_dma.o"
#        "D:\Micha³a\OneDrive\OneDrive - Politechnika Krakowska im. Tadeusza
#        Koœciuszki\Semestr
#        4\MiM_2\Lab8\Cube\EWARM\Cube\Obj\Drivers\STM32F0xx_HAL_Driver\stm32f0xx_hal_exti.o"
#        "D:\Micha³a\OneDrive\OneDrive - Politechnika Krakowska im. Tadeusza
#        Koœciuszki\Semestr
#        4\MiM_2\Lab8\Cube\EWARM\Cube\Obj\Drivers\STM32F0xx_HAL_Driver\stm32f0xx_hal_flash.o"
#        "D:\Micha³a\OneDrive\OneDrive - Politechnika Krakowska im. Tadeusza
#        Koœciuszki\Semestr
#        4\MiM_2\Lab8\Cube\EWARM\Cube\Obj\Drivers\STM32F0xx_HAL_Driver\stm32f0xx_hal_flash_ex.o"
#        "D:\Micha³a\OneDrive\OneDrive - Politechnika Krakowska im. Tadeusza
#        Koœciuszki\Semestr
#        4\MiM_2\Lab8\Cube\EWARM\Cube\Obj\Drivers\STM32F0xx_HAL_Driver\stm32f0xx_hal_gpio.o"
#        "D:\Micha³a\OneDrive\OneDrive - Politechnika Krakowska im. Tadeusza
#        Koœciuszki\Semestr
#        4\MiM_2\Lab8\Cube\EWARM\Cube\Obj\Drivers\STM32F0xx_HAL_Driver\stm32f0xx_hal_i2c.o"
#        "D:\Micha³a\OneDrive\OneDrive - Politechnika Krakowska im. Tadeusza
#        Koœciuszki\Semestr
#        4\MiM_2\Lab8\Cube\EWARM\Cube\Obj\Drivers\STM32F0xx_HAL_Driver\stm32f0xx_hal_i2c_ex.o"
#        "D:\Micha³a\OneDrive\OneDrive - Politechnika Krakowska im. Tadeusza
#        Koœciuszki\Semestr
#        4\MiM_2\Lab8\Cube\EWARM\Cube\Obj\Application\User\Core\stm32f0xx_hal_msp.o"
#        "D:\Micha³a\OneDrive\OneDrive - Politechnika Krakowska im. Tadeusza
#        Koœciuszki\Semestr
#        4\MiM_2\Lab8\Cube\EWARM\Cube\Obj\Drivers\STM32F0xx_HAL_Driver\stm32f0xx_hal_pwr.o"
#        "D:\Micha³a\OneDrive\OneDrive - Politechnika Krakowska im. Tadeusza
#        Koœciuszki\Semestr
#        4\MiM_2\Lab8\Cube\EWARM\Cube\Obj\Drivers\STM32F0xx_HAL_Driver\stm32f0xx_hal_pwr_ex.o"
#        "D:\Micha³a\OneDrive\OneDrive - Politechnika Krakowska im. Tadeusza
#        Koœciuszki\Semestr
#        4\MiM_2\Lab8\Cube\EWARM\Cube\Obj\Drivers\STM32F0xx_HAL_Driver\stm32f0xx_hal_rcc.o"
#        "D:\Micha³a\OneDrive\OneDrive - Politechnika Krakowska im. Tadeusza
#        Koœciuszki\Semestr
#        4\MiM_2\Lab8\Cube\EWARM\Cube\Obj\Drivers\STM32F0xx_HAL_Driver\stm32f0xx_hal_rcc_ex.o"
#        "D:\Micha³a\OneDrive\OneDrive - Politechnika Krakowska im. Tadeusza
#        Koœciuszki\Semestr
#        4\MiM_2\Lab8\Cube\EWARM\Cube\Obj\Drivers\STM32F0xx_HAL_Driver\stm32f0xx_hal_tim.o"
#        "D:\Micha³a\OneDrive\OneDrive - Politechnika Krakowska im. Tadeusza
#        Koœciuszki\Semestr
#        4\MiM_2\Lab8\Cube\EWARM\Cube\Obj\Drivers\STM32F0xx_HAL_Driver\stm32f0xx_hal_tim_ex.o"
#        "D:\Micha³a\OneDrive\OneDrive - Politechnika Krakowska im. Tadeusza
#        Koœciuszki\Semestr
#        4\MiM_2\Lab8\Cube\EWARM\Cube\Obj\Application\User\Core\stm32f0xx_it.o"
#        "D:\Micha³a\OneDrive\OneDrive - Politechnika Krakowska im. Tadeusza
#        Koœciuszki\Semestr
#        4\MiM_2\Lab8\Cube\EWARM\Cube\Obj\Drivers\CMSIS\system_stm32f0xx.o"
#        --no_out_extension -o "D:\Micha³a\OneDrive\OneDrive - Politechnika
#        Krakowska im. Tadeusza Koœciuszki\Semestr
#        4\MiM_2\Lab8\Cube\EWARM\Cube\Exe\Cube.out" --redirect
#        _Printf=_PrintfFullNoMb --redirect _Scanf=_ScanfFullNoMb --map
#        "D:\Micha³a\OneDrive\OneDrive - Politechnika Krakowska im. Tadeusza
#        Koœciuszki\Semestr 4\MiM_2\Lab8\Cube\EWARM\Cube\List\Cube.map"
#        --config "D:\Micha³a\OneDrive\OneDrive - Politechnika Krakowska im.
#        Tadeusza Koœciuszki\Semestr
#        4\MiM_2\Lab8\Cube\EWARM/stm32f072xb_flash.icf" --semihosting --entry
#        __iar_program_start --vfe --text_out locale)
#
###############################################################################

*******************************************************************************
*** RUNTIME MODEL ATTRIBUTES
***

CppFlavor       = *
__SystemLibrary = DLib
__dlib_version  = 6


*******************************************************************************
*** HEAP SELECTION
***

The basic heap was selected because some modules are built with
size limitations (and not runtime checking), and --advanced_heap
was not specified.


*******************************************************************************
*** PLACEMENT SUMMARY
***

"A0":  place at address 0x800'0000 { ro section .intvec };
"P1":  place in [from 0x800'0000 to 0x801'ffff] { ro };
define block CSTACK with size = 1K, alignment = 8 { };
define block HEAP with size = 512, alignment = 8 { };
"P2":  place in [from 0x2000'0000 to 0x2000'3fff] {
          rw, block CSTACK, block HEAP };
initialize by copy { rw };

  Section            Kind         Address    Size  Object
  -------            ----         -------    ----  ------
"A0":                                        0xc0
  .intvec            ro code   0x800'0000    0xc0  startup_stm32f072xb.o [1]
                             - 0x800'00c0    0xc0

"P1":                                      0x10e3
  .text              ro code   0x800'00c0   0x60c  stm32f0xx_hal_tim.o [4]
  .text              ro code   0x800'06cc    0x68  stm32f0xx_hal_msp.o [2]
  .text              ro code   0x800'0734     0x2  stm32f0xx_hal_tim.o [4]
  .text              ro code   0x800'0736     0x2  stm32f0xx_hal_tim.o [4]
  .text              ro code   0x800'0738     0x2  stm32f0xx_hal_tim.o [4]
  .text              ro code   0x800'073a     0x2  stm32f0xx_hal_tim.o [4]
  .text              ro code   0x800'073c     0x2  stm32f0xx_hal_tim.o [4]
  .text              ro code   0x800'073e     0x2  stm32f0xx_hal_tim_ex.o [4]
  .text              ro code   0x800'0740     0x2  stm32f0xx_hal_tim.o [4]
  .text              ro code   0x800'0742     0x2  stm32f0xx_hal_tim_ex.o [4]
  .text              ro code   0x800'0744    0x8c  stm32f0xx_hal_cortex.o [4]
  .text              ro code   0x800'07d0   0x5d0  stm32f0xx_hal_rcc.o [4]
  .text              ro code   0x800'0da0     0xc  stm32f0xx_hal.o [4]
  .text              ro code   0x800'0dac    0x44  stm32f0xx_hal.o [4]
  .text              ro code   0x800'0df0    0x36  I32DivMod.o [6]
  .text              ro code   0x800'0e26    0x3e  packbits_init_single.o [6]
  .text              ro code   0x800'0e64     0x2  IntDivZer.o [6]
  .text              ro code   0x800'0e66     0x2  startup_stm32f072xb.o [1]
  .text              ro code   0x800'0e68   0x10c  main.o [2]
  .text              ro code   0x800'0f74    0x20  stm32f0xx_hal.o [4]
  .text              ro code   0x800'0f94    0x14  memset.o [6]
  .text              ro code   0x800'0fa8    0x68  stm32f0xx_hal_tim_ex.o [4]
  .text              ro code   0x800'1010    0x4e  ABImemset.o [6]
  .text              ro code   0x800'105e     0x2  startup_stm32f072xb.o [1]
  .text              ro code   0x800'1060    0x2c  stm32f0xx_it.o [2]
  .text              ro code   0x800'108c    0x10  stm32f0xx_hal.o [4]
  .text              ro code   0x800'109c    0x28  data_init.o [6]
  .iar.init_table    const     0x800'10c4    0x10  - Linker created -
  .text              ro code   0x800'10d4    0x1e  cmain.o [6]
  .text              ro code   0x800'10f2     0x4  low_level_init.o [5]
  .text              ro code   0x800'10f6     0x8  exit.o [5]
  .text              ro code   0x800'10fe     0x2  startup_stm32f072xb.o [1]
  .text              ro code   0x800'1100     0xa  cexit.o [6]
  .text              ro code   0x800'110a     0x2  startup_stm32f072xb.o [1]
  .text              ro code   0x800'110c    0x14  exit.o [7]
  .text              ro code   0x800'1120    0x1c  cstartup_M.o [6]
  .text              ro code   0x800'113c    0x14  system_stm32f0xx.o [3]
  .text              ro code   0x800'1150    0x10  startup_stm32f072xb.o [1]
  .text              ro code   0x800'1160     0x2  startup_stm32f072xb.o [1]
  .text              ro code   0x800'1162     0x2  startup_stm32f072xb.o [1]
  .text              ro code   0x800'1164     0x2  startup_stm32f072xb.o [1]
  .text              ro code   0x800'1166     0x2  startup_stm32f072xb.o [1]
  .text              ro code   0x800'1168     0x2  startup_stm32f072xb.o [1]
  .text              ro code   0x800'116a     0x2  startup_stm32f072xb.o [1]
  .text              ro code   0x800'116c     0x2  startup_stm32f072xb.o [1]
  .text              ro code   0x800'116e     0x2  startup_stm32f072xb.o [1]
  .text              ro code   0x800'1170     0x2  startup_stm32f072xb.o [1]
  .text              ro code   0x800'1172     0x2  startup_stm32f072xb.o [1]
  .text              ro code   0x800'1174     0x2  startup_stm32f072xb.o [1]
  .text              ro code   0x800'1176     0x2  startup_stm32f072xb.o [1]
  .text              ro code   0x800'1178     0x2  startup_stm32f072xb.o [1]
  .text              ro code   0x800'117a     0x2  startup_stm32f072xb.o [1]
  .text              ro code   0x800'117c     0x2  startup_stm32f072xb.o [1]
  .text              ro code   0x800'117e     0x2  startup_stm32f072xb.o [1]
  .text              ro code   0x800'1180     0x2  startup_stm32f072xb.o [1]
  .text              ro code   0x800'1182     0x2  startup_stm32f072xb.o [1]
  .text              ro code   0x800'1184     0x2  startup_stm32f072xb.o [1]
  .text              ro code   0x800'1186     0x2  startup_stm32f072xb.o [1]
  .text              ro code   0x800'1188     0x2  startup_stm32f072xb.o [1]
  .text              ro code   0x800'118a     0x2  startup_stm32f072xb.o [1]
  .text              ro code   0x800'118c     0x2  startup_stm32f072xb.o [1]
  .text              ro code   0x800'118e     0x2  startup_stm32f072xb.o [1]
  .text              ro code   0x800'1190     0x2  startup_stm32f072xb.o [1]
  .text              ro code   0x800'1192     0x2  startup_stm32f072xb.o [1]
  .text              ro code   0x800'1194     0x2  startup_stm32f072xb.o [1]
  .rodata            const     0x800'1196     0x0  packbits_init_single.o [6]
  Initializer bytes  const     0x800'1196     0xd  <for P2-1>
                             - 0x800'11a3  0x10e3

"P2", part 1 of 2:                           0x5a
  P2-1                        0x2000'0000    0x5a  <Init block>
    .data            inited   0x2000'0000     0xc  stm32f0xx_hal.o [4]
    .data            inited   0x2000'000c     0x4  system_stm32f0xx.o [3]
    .bss             inited   0x2000'0010    0x48  main.o [2]
    .bss             inited   0x2000'0058     0x2  main.o [2]
                            - 0x2000'005a    0x5a

"P2", part 2 of 2:                          0x400
  CSTACK                      0x2000'0060   0x400  <Block>
    CSTACK           uninit   0x2000'0060   0x400  <Block tail>
                            - 0x2000'0460   0x400

Unused ranges:

         From           To      Size
         ----           --      ----
   0x800'11a3   0x801'ffff  0x1'ee5d
  0x2000'005a  0x2000'005f       0x6
  0x2000'0460  0x2000'3fff    0x3ba0


*******************************************************************************
*** INIT TABLE
***

          Address      Size
          -------      ----
Copy/packbits (__iar_packbits_init_single3)
    1 source range, total size 0xd (14% of destination):
           0x800'1196   0xd
    1 destination range, total size 0x5a:
          0x2000'0000  0x5a



*******************************************************************************
*** MODULE SUMMARY
***

    Module                  ro code  ro data  rw data
    ------                  -------  -------  -------
command line/config:
    -------------------------------------------------
    Total:

D:\Micha³a\OneDrive\OneDrive - Politechnika Krakowska im. Tadeusza Koœciuszki\Semestr 4\MiM_2\Lab8\Cube\EWARM\Cube\Obj\Application\EWARM: [1]
    startup_stm32f072xb.o       270
    -------------------------------------------------
    Total:                      270

D:\Micha³a\OneDrive\OneDrive - Politechnika Krakowska im. Tadeusza Koœciuszki\Semestr 4\MiM_2\Lab8\Cube\EWARM\Cube\Obj\Application\User\Core: [2]
    main.o                      268       10       74
    stm32f0xx_hal_msp.o         104
    stm32f0xx_it.o               44
    -------------------------------------------------
    Total:                      416       10       74

D:\Micha³a\OneDrive\OneDrive - Politechnika Krakowska im. Tadeusza Koœciuszki\Semestr 4\MiM_2\Lab8\Cube\EWARM\Cube\Obj\Drivers\CMSIS: [3]
    system_stm32f0xx.o           20        1        4
    -------------------------------------------------
    Total:                       20        1        4

D:\Micha³a\OneDrive\OneDrive - Politechnika Krakowska im. Tadeusza Koœciuszki\Semestr 4\MiM_2\Lab8\Cube\EWARM\Cube\Obj\Drivers\STM32F0xx_HAL_Driver: [4]
    stm32f0xx_hal.o             128        1       12
    stm32f0xx_hal_cortex.o      140
    stm32f0xx_hal_rcc.o       1'488
    stm32f0xx_hal_tim.o       1'560
    stm32f0xx_hal_tim_ex.o      108
    -------------------------------------------------
    Total:                    3'424        1       12

dl6M_tlf.a: [5]
    exit.o                        8
    low_level_init.o              4
    -------------------------------------------------
    Total:                       12

rt6M_tl.a: [6]
    ABImemset.o                  78
    I32DivMod.o                  54
    IntDivZer.o                   2
    cexit.o                      10
    cmain.o                      30
    cstartup_M.o                 28
    data_init.o                  40
    memset.o                     20
    packbits_init_single.o       62
    -------------------------------------------------
    Total:                      324

shb_l.a: [7]
    exit.o                       20
    -------------------------------------------------
    Total:                       20

    Linker created                        17    1'024
-----------------------------------------------------
    Grand Total:              4'486       29    1'114


*******************************************************************************
*** ENTRY LIST
***

Entry                       Address   Size  Type      Object
-----                       -------   ----  ----      ------
.iar.init_table$$Base    0x800'10c4          --   Gb  - Linker created -
.iar.init_table$$Limit   0x800'10d4          --   Gb  - Linker created -
?main                    0x800'10d5         Code  Gb  cmain.o [6]
AHBPrescTable            0x800'1140   0x10  Data  Gb  system_stm32f0xx.o [3]
CSTACK$$Base            0x2000'0060          --   Gb  - Linker created -
CSTACK$$Limit           0x2000'0460          --   Gb  - Linker created -
Error_Handler            0x800'0f71    0x4  Code  Gb  main.o [2]
HAL_GetTick              0x800'0da1    0xc  Code  Gb  stm32f0xx_hal.o [4]
HAL_IncTick              0x800'108d   0x10  Code  Gb  stm32f0xx_hal.o [4]
HAL_Init                 0x800'0f75   0x1a  Code  Gb  stm32f0xx_hal.o [4]
HAL_InitTick             0x800'0dad   0x44  Code  Gb  stm32f0xx_hal.o [4]
HAL_MspInit              0x800'06cd   0x2a  Code  Gb  stm32f0xx_hal_msp.o [2]
HAL_NVIC_EnableIRQ       0x800'0787   0x12  Code  Gb  stm32f0xx_hal_cortex.o [4]
HAL_NVIC_SetPriority     0x800'077f    0x8  Code  Gb  stm32f0xx_hal_cortex.o [4]
HAL_RCC_ClockConfig      0x800'0bfd  0x106  Code  Gb  stm32f0xx_hal_rcc.o [4]
HAL_RCC_GetSysClockFreq
                         0x800'0d09   0x50  Code  Gb  stm32f0xx_hal_rcc.o [4]
HAL_RCC_GetSysClockFreq::aPLLMULFactorTable
                         0x800'0d80   0x10  Data  Lc  stm32f0xx_hal_rcc.o [4]
HAL_RCC_GetSysClockFreq::aPredivFactorTable
                         0x800'0d90   0x10  Data  Lc  stm32f0xx_hal_rcc.o [4]
HAL_RCC_OscConfig        0x800'07d1  0x41e  Code  Gb  stm32f0xx_hal_rcc.o [4]
HAL_SYSTICK_Config       0x800'0799   0x28  Code  Gb  stm32f0xx_hal_cortex.o [4]
HAL_TIMEx_BreakCallback
                         0x800'073f    0x2  Code  Gb  stm32f0xx_hal_tim_ex.o [4]
HAL_TIMEx_CommutCallback
                         0x800'0743    0x2  Code  Gb  stm32f0xx_hal_tim_ex.o [4]
HAL_TIMEx_MasterConfigSynchronization
                         0x800'0fa9   0x5a  Code  Gb  stm32f0xx_hal_tim_ex.o [4]
HAL_TIM_Base_Init        0x800'00c1   0x1e  Code  Gb  stm32f0xx_hal_tim.o [4]
HAL_TIM_Base_MspInit     0x800'06f7   0x30  Code  Gb  stm32f0xx_hal_msp.o [2]
HAL_TIM_Base_Start_IT    0x800'00df   0x4e  Code  Gb  stm32f0xx_hal_tim.o [4]
HAL_TIM_ConfigClockSource
                         0x800'033f   0xba  Code  Gb  stm32f0xx_hal_tim.o [4]
HAL_TIM_IC_CaptureCallback
                         0x800'0737    0x2  Code  Gb  stm32f0xx_hal_tim.o [4]
HAL_TIM_IRQHandler       0x800'01a1  0x152  Code  Gb  stm32f0xx_hal_tim.o [4]
HAL_TIM_OC_ConfigChannel
                         0x800'02f3   0x4c  Code  Gb  stm32f0xx_hal_tim.o [4]
HAL_TIM_OC_DelayElapsedCallback
                         0x800'0739    0x2  Code  Gb  stm32f0xx_hal_tim.o [4]
HAL_TIM_OC_Init          0x800'012d   0x1c  Code  Gb  stm32f0xx_hal_tim.o [4]
HAL_TIM_OC_MspInit       0x800'0735    0x2  Code  Gb  stm32f0xx_hal_tim.o [4]
HAL_TIM_PWM_PulseFinishedCallback
                         0x800'073b    0x2  Code  Gb  stm32f0xx_hal_tim.o [4]
HAL_TIM_PeriodElapsedCallback
                         0x800'073d    0x2  Code  Gb  stm32f0xx_hal_tim.o [4]
HAL_TIM_TriggerCallback
                         0x800'0741    0x2  Code  Gb  stm32f0xx_hal_tim.o [4]
HardFault_Handler        0x800'1063    0x2  Code  Gb  stm32f0xx_it.o [2]
NMI_Handler              0x800'1061    0x2  Code  Gb  stm32f0xx_it.o [2]
PendSV_Handler           0x800'1067    0x2  Code  Gb  stm32f0xx_it.o [2]
Region$$Table$$Base      0x800'10c4          --   Gb  - Linker created -
Region$$Table$$Limit     0x800'10d4          --   Gb  - Linker created -
SVC_Handler              0x800'1065    0x2  Code  Gb  stm32f0xx_it.o [2]
SysTick_Handler          0x800'1069    0x8  Code  Gb  stm32f0xx_it.o [2]
SystemClock_Config       0x800'0f1d   0x54  Code  Gb  main.o [2]
SystemCoreClock         0x2000'000c    0x4  Data  Gb  system_stm32f0xx.o [3]
SystemInit               0x800'113d    0x2  Code  Gb  system_stm32f0xx.o [3]
TIM3_IRQHandler          0x800'1071   0x12  Code  Gb  stm32f0xx_it.o [2]
TIM_Base_SetConfig       0x800'03fd   0x7e  Code  Gb  stm32f0xx_hal_tim.o [4]
TIM_ETR_SetConfig        0x800'0689   0x14  Code  Gb  stm32f0xx_hal_tim.o [4]
TIM_ITRx_SetConfig       0x800'0679   0x10  Code  Lc  stm32f0xx_hal_tim.o [4]
TIM_OC1_SetConfig        0x800'047b   0x74  Code  Lc  stm32f0xx_hal_tim.o [4]
TIM_OC2_SetConfig        0x800'04ef   0x68  Code  Gb  stm32f0xx_hal_tim.o [4]
TIM_OC3_SetConfig        0x800'0557   0x64  Code  Lc  stm32f0xx_hal_tim.o [4]
TIM_OC4_SetConfig        0x800'05bb   0x52  Code  Lc  stm32f0xx_hal_tim.o [4]
TIM_TI1_ConfigInputStage
                         0x800'062d   0x22  Code  Lc  stm32f0xx_hal_tim.o [4]
TIM_TI2_ConfigInputStage
                         0x800'064f   0x24  Code  Lc  stm32f0xx_hal_tim.o [4]
__ICFEDIT_region_RAM_end__ {Abs}
                        0x2000'3fff         Data  Gb  <internal module>
__ICFEDIT_region_RAM_start__ {Abs}
                        0x2000'0000         Data  Gb  <internal module>
__NVIC_SetPriority       0x800'0745   0x3a  Code  Lc  stm32f0xx_hal_cortex.o [4]
__aeabi_idiv0            0x800'0e65         Code  Gb  IntDivZer.o [6]
__aeabi_memset           0x800'1011         Code  Gb  ABImemset.o [6]
__cmain                  0x800'10d5         Code  Gb  cmain.o [6]
__exit                   0x800'110d   0x14  Code  Gb  exit.o [7]
__iar_Memset4_word       0x800'1031         Code  Gb  ABImemset.o [6]
__iar_Memset_word        0x800'101d         Code  Gb  ABImemset.o [6]
__iar_data_init3         0x800'109d   0x28  Code  Gb  data_init.o [6]
__iar_packbits_init_single3
                         0x800'0e27   0x3e  Code  Gb  packbits_init_single.o [6]
__iar_program_start      0x800'1121         Code  Gb  cstartup_M.o [6]
__iar_small_uidiv        0x800'0df1         Code  Gb  I32DivMod.o [6]
__iar_small_uidivmod     0x800'0df1         Code  Gb  I32DivMod.o [6]
__low_level_init         0x800'10f3    0x4  Code  Gb  low_level_init.o [5]
__vector_table           0x800'0000         Data  Gb  startup_stm32f072xb.o [1]
_call_main               0x800'10e1         Code  Gb  cmain.o [6]
_exit                    0x800'1101         Code  Gb  cexit.o [6]
czas                    0x2000'0058    0x2  Data  Gb  main.o [2]
exit                     0x800'10f7    0x8  Code  Gb  exit.o [5]
htim3                   0x2000'0010   0x48  Data  Gb  main.o [2]
main                     0x800'0e69   0xa8  Code  Gb  main.o [2]
memset                   0x800'0f95   0x14  Code  Gb  memset.o [6]
uwTick                  0x2000'0004    0x4  Data  Gb  stm32f0xx_hal.o [4]
uwTickFreq              0x2000'0000    0x1  Data  Gb  stm32f0xx_hal.o [4]
uwTickPrio              0x2000'0008    0x4  Data  Gb  stm32f0xx_hal.o [4]


[1] = D:\Micha³a\OneDrive\OneDrive - Politechnika Krakowska im. Tadeusza Koœciuszki\Semestr 4\MiM_2\Lab8\Cube\EWARM\Cube\Obj\Application\EWARM
[2] = D:\Micha³a\OneDrive\OneDrive - Politechnika Krakowska im. Tadeusza Koœciuszki\Semestr 4\MiM_2\Lab8\Cube\EWARM\Cube\Obj\Application\User\Core
[3] = D:\Micha³a\OneDrive\OneDrive - Politechnika Krakowska im. Tadeusza Koœciuszki\Semestr 4\MiM_2\Lab8\Cube\EWARM\Cube\Obj\Drivers\CMSIS
[4] = D:\Micha³a\OneDrive\OneDrive - Politechnika Krakowska im. Tadeusza Koœciuszki\Semestr 4\MiM_2\Lab8\Cube\EWARM\Cube\Obj\Drivers\STM32F0xx_HAL_Driver
[5] = dl6M_tlf.a
[6] = rt6M_tl.a
[7] = shb_l.a

  4'486 bytes of readonly  code memory
     29 bytes of readonly  data memory
  1'114 bytes of readwrite data memory

Errors: none
Warnings: none
