###############################################################################
#
# IAR ELF Linker V9.10.2.313/W64 for ARM                  10/Jun/2021  19:57:10
# Copyright 2007-2021 IAR Systems AB.
#
#    Output file  =
#        D:\Micha³a\OneDrive\OneDrive - Politechnika Krakowska im. Tadeusza
#        Koœciuszki\Semestr 4\MiM_2\Lab9\src\EWARM\src\Exe\src.out
#    Map file     =
#        D:\Micha³a\OneDrive\OneDrive - Politechnika Krakowska im. Tadeusza
#        Koœciuszki\Semestr 4\MiM_2\Lab9\src\EWARM\src\List\src.map
#    Command line =
#        -f "D:\Micha³a\OneDrive\OneDrive - Politechnika Krakowska im.
#        Tadeusza Koœciuszki\Semestr
#        4\MiM_2\Lab9\src\EWARM\src\Exe\src.out.rsp"
#        ("D:\Micha³a\OneDrive\OneDrive - Politechnika Krakowska im. Tadeusza
#        Koœciuszki\Semestr
#        4\MiM_2\Lab9\src\EWARM\src\Obj\Application\User\Core\main.o"
#        "D:\Micha³a\OneDrive\OneDrive - Politechnika Krakowska im. Tadeusza
#        Koœciuszki\Semestr
#        4\MiM_2\Lab9\src\EWARM\src\Obj\Application\EWARM\startup_stm32f072xb.o"
#        "D:\Micha³a\OneDrive\OneDrive - Politechnika Krakowska im. Tadeusza
#        Koœciuszki\Semestr
#        4\MiM_2\Lab9\src\EWARM\src\Obj\Drivers\STM32F0xx_HAL_Driver\stm32f0xx_hal.o"
#        "D:\Micha³a\OneDrive\OneDrive - Politechnika Krakowska im. Tadeusza
#        Koœciuszki\Semestr
#        4\MiM_2\Lab9\src\EWARM\src\Obj\Drivers\STM32F0xx_HAL_Driver\stm32f0xx_hal_adc.o"
#        "D:\Micha³a\OneDrive\OneDrive - Politechnika Krakowska im. Tadeusza
#        Koœciuszki\Semestr
#        4\MiM_2\Lab9\src\EWARM\src\Obj\Drivers\STM32F0xx_HAL_Driver\stm32f0xx_hal_adc_ex.o"
#        "D:\Micha³a\OneDrive\OneDrive - Politechnika Krakowska im. Tadeusza
#        Koœciuszki\Semestr
#        4\MiM_2\Lab9\src\EWARM\src\Obj\Drivers\STM32F0xx_HAL_Driver\stm32f0xx_hal_cortex.o"
#        "D:\Micha³a\OneDrive\OneDrive - Politechnika Krakowska im. Tadeusza
#        Koœciuszki\Semestr
#        4\MiM_2\Lab9\src\EWARM\src\Obj\Drivers\STM32F0xx_HAL_Driver\stm32f0xx_hal_dma.o"
#        "D:\Micha³a\OneDrive\OneDrive - Politechnika Krakowska im. Tadeusza
#        Koœciuszki\Semestr
#        4\MiM_2\Lab9\src\EWARM\src\Obj\Drivers\STM32F0xx_HAL_Driver\stm32f0xx_hal_exti.o"
#        "D:\Micha³a\OneDrive\OneDrive - Politechnika Krakowska im. Tadeusza
#        Koœciuszki\Semestr
#        4\MiM_2\Lab9\src\EWARM\src\Obj\Drivers\STM32F0xx_HAL_Driver\stm32f0xx_hal_flash.o"
#        "D:\Micha³a\OneDrive\OneDrive - Politechnika Krakowska im. Tadeusza
#        Koœciuszki\Semestr
#        4\MiM_2\Lab9\src\EWARM\src\Obj\Drivers\STM32F0xx_HAL_Driver\stm32f0xx_hal_flash_ex.o"
#        "D:\Micha³a\OneDrive\OneDrive - Politechnika Krakowska im. Tadeusza
#        Koœciuszki\Semestr
#        4\MiM_2\Lab9\src\EWARM\src\Obj\Drivers\STM32F0xx_HAL_Driver\stm32f0xx_hal_gpio.o"
#        "D:\Micha³a\OneDrive\OneDrive - Politechnika Krakowska im. Tadeusza
#        Koœciuszki\Semestr
#        4\MiM_2\Lab9\src\EWARM\src\Obj\Drivers\STM32F0xx_HAL_Driver\stm32f0xx_hal_i2c.o"
#        "D:\Micha³a\OneDrive\OneDrive - Politechnika Krakowska im. Tadeusza
#        Koœciuszki\Semestr
#        4\MiM_2\Lab9\src\EWARM\src\Obj\Drivers\STM32F0xx_HAL_Driver\stm32f0xx_hal_i2c_ex.o"
#        "D:\Micha³a\OneDrive\OneDrive - Politechnika Krakowska im. Tadeusza
#        Koœciuszki\Semestr
#        4\MiM_2\Lab9\src\EWARM\src\Obj\Application\User\Core\stm32f0xx_hal_msp.o"
#        "D:\Micha³a\OneDrive\OneDrive - Politechnika Krakowska im. Tadeusza
#        Koœciuszki\Semestr
#        4\MiM_2\Lab9\src\EWARM\src\Obj\Drivers\STM32F0xx_HAL_Driver\stm32f0xx_hal_pwr.o"
#        "D:\Micha³a\OneDrive\OneDrive - Politechnika Krakowska im. Tadeusza
#        Koœciuszki\Semestr
#        4\MiM_2\Lab9\src\EWARM\src\Obj\Drivers\STM32F0xx_HAL_Driver\stm32f0xx_hal_pwr_ex.o"
#        "D:\Micha³a\OneDrive\OneDrive - Politechnika Krakowska im. Tadeusza
#        Koœciuszki\Semestr
#        4\MiM_2\Lab9\src\EWARM\src\Obj\Drivers\STM32F0xx_HAL_Driver\stm32f0xx_hal_rcc.o"
#        "D:\Micha³a\OneDrive\OneDrive - Politechnika Krakowska im. Tadeusza
#        Koœciuszki\Semestr
#        4\MiM_2\Lab9\src\EWARM\src\Obj\Drivers\STM32F0xx_HAL_Driver\stm32f0xx_hal_rcc_ex.o"
#        "D:\Micha³a\OneDrive\OneDrive - Politechnika Krakowska im. Tadeusza
#        Koœciuszki\Semestr
#        4\MiM_2\Lab9\src\EWARM\src\Obj\Drivers\STM32F0xx_HAL_Driver\stm32f0xx_hal_tim.o"
#        "D:\Micha³a\OneDrive\OneDrive - Politechnika Krakowska im. Tadeusza
#        Koœciuszki\Semestr
#        4\MiM_2\Lab9\src\EWARM\src\Obj\Drivers\STM32F0xx_HAL_Driver\stm32f0xx_hal_tim_ex.o"
#        "D:\Micha³a\OneDrive\OneDrive - Politechnika Krakowska im. Tadeusza
#        Koœciuszki\Semestr
#        4\MiM_2\Lab9\src\EWARM\src\Obj\Application\User\Core\stm32f0xx_it.o"
#        "D:\Micha³a\OneDrive\OneDrive - Politechnika Krakowska im. Tadeusza
#        Koœciuszki\Semestr
#        4\MiM_2\Lab9\src\EWARM\src\Obj\Drivers\CMSIS\system_stm32f0xx.o"
#        --no_out_extension -o "D:\Micha³a\OneDrive\OneDrive - Politechnika
#        Krakowska im. Tadeusza Koœciuszki\Semestr
#        4\MiM_2\Lab9\src\EWARM\src\Exe\src.out" --redirect
#        _Printf=_PrintfFullNoMb --redirect _Scanf=_ScanfFullNoMb --map
#        "D:\Micha³a\OneDrive\OneDrive - Politechnika Krakowska im. Tadeusza
#        Koœciuszki\Semestr 4\MiM_2\Lab9\src\EWARM\src\List\src.map" --config
#        "D:\Micha³a\OneDrive\OneDrive - Politechnika Krakowska im. Tadeusza
#        Koœciuszki\Semestr 4\MiM_2\Lab9\src\EWARM/stm32f072xb_flash.icf"
#        --semihosting --entry __iar_program_start --vfe --text_out locale)
#
###############################################################################

*******************************************************************************
*** RUNTIME MODEL ATTRIBUTES
***

CppFlavor       = *
__Heap_Handler  = Basic
__SystemLibrary = DLib
__dlib_version  = 6


*******************************************************************************
*** HEAP SELECTION
***

The basic heap was selected because some modules are built with
size limitations (and not runtime checking), and --advanced_heap
was not specified.


*******************************************************************************
*** PLACEMENT SUMMARY
***

"A0":  place at address 0x800'0000 { ro section .intvec };
"P1":  place in [from 0x800'0000 to 0x801'ffff] { ro };
define block CSTACK with size = 1K, alignment = 8 { };
define block HEAP with size = 512, alignment = 8 { };
"P2":  place in [from 0x2000'0000 to 0x2000'3fff] {
          rw, block CSTACK, block HEAP };
initialize by copy { rw };

  Section            Kind         Address    Size  Object
  -------            ----         -------    ----  ------
"A0":                                        0xc0
  .intvec            ro code   0x800'0000    0xc0  startup_stm32f072xb.o [1]
                             - 0x800'00c0    0xc0

"P1":                                      0x326c
  .text              ro code   0x800'00c0   0xffc  xprintffull_nomb.o [5]
  .text              ro code   0x800'10bc    0x12  strchr.o [7]
  .text              ro code   0x800'10ce    0x7e  lz77_init_single.o [7]
  .text              ro code   0x800'114c    0x48  xfail_s.o [5]
  .text              ro code   0x800'1194     0xe  strlen.o [7]
  .rodata            const     0x800'11a2     0x2  xlocale_c.o [5]
  .text              ro code   0x800'11a4    0x16  memchr.o [7]
  .text              ro code   0x800'11ba     0x2  startup_stm32f072xb.o [1]
  .text              ro code   0x800'11bc    0x4e  ABImemcpy.o [7]
  .text              ro code   0x800'120a    0x2a  frexp.o [6]
  .text              ro code   0x800'1234    0x32  DblCmpLe.o [6]
  .text              ro code   0x800'1266    0x32  DblCmpGe.o [6]
  .text              ro code   0x800'1298    0x70  ldexp.o [6]
  .text              ro code   0x800'1308    0x52  DblToI32.o [6]
  .text              ro code   0x800'135a     0x2  startup_stm32f072xb.o [1]
  .text              ro code   0x800'135c    0x34  IxxToDbl.o [6]
  .text              ro code   0x800'1390   0x1a8  DblAddSub.o [6]
  .text              ro code   0x800'1538    0x5e  I32DivMod.o [7]
  .text              ro code   0x800'1596    0xc2  DblDiv.o [6]
  .text              ro code   0x800'1658   0x184  DblMul.o [6]
  .text              ro code   0x800'17dc     0xc  xlocale_c.o [5]
  .text              ro code   0x800'17e8    0x7c  I64DivMod.o [7]
  .text              ro code   0x800'1864     0xa  abort.o [5]
  .text              ro code   0x800'186e     0x2  startup_stm32f072xb.o [1]
  .text              ro code   0x800'1870     0x2  IntDivZer.o [7]
  .text              ro code   0x800'1872     0x2  startup_stm32f072xb.o [1]
  .text              ro code   0x800'1874     0x2  I64DivZer.o [7]
  .text              ro code   0x800'1876     0x2  startup_stm32f072xb.o [1]
  .text              ro code   0x800'1878    0x14  exit.o [8]
  .text              ro code   0x800'188c    0x7c  iarttio.o [8]
  .text              ro code   0x800'1908     0x8  XShttio.o [5]
  .text              ro code   0x800'1910   0x5d0  stm32f0xx_hal_rcc.o [4]
  .text              ro code   0x800'1ee0     0xc  stm32f0xx_hal.o [4]
  .text              ro code   0x800'1eec    0x44  stm32f0xx_hal.o [4]
  .text              ro code   0x800'1f30    0x8c  stm32f0xx_hal_cortex.o [4]
  .text              ro code   0x800'1fbc   0x470  stm32f0xx_hal_adc.o [4]
  .text              ro code   0x800'242c    0x64  stm32f0xx_hal_msp.o [2]
  .text              ro code   0x800'2490   0x288  main.o [2]
  .text              ro code   0x800'2718     0x2  stm32f0xx_hal_adc.o [4]
  .text              ro code   0x800'271a     0x2  stm32f0xx_hal_adc.o [4]
  .text              ro code   0x800'271c    0x28  printf.o [5]
  .text              ro code   0x800'2744    0xb4  fflush.o [5]
  .text              ro code   0x800'27f8   0x1a8  stm32f0xx_hal_gpio.o [4]
  .text              ro code   0x800'29a0    0x10  ABImemset_small.o [7]
  .text              ro code   0x800'29b0    0x20  stm32f0xx_hal.o [4]
  .text              ro code   0x800'29d0    0x14  memset.o [7]
  .text              ro code   0x800'29e4    0x28  stm32f0xx_hal.o [4]
  .text              ro code   0x800'2a0c    0x10  write.o [8]
  .text              ro code   0x800'2a1c    0x1e  dwrite.o [8]
  .text              ro code   0x800'2a3a    0x20  iarwstd.o [8]
  .text              ro code   0x800'2a5a    0x22  iarwrite.o [8]
  .text              ro code   0x800'2a7c    0xc4  XShHandles.o [5]
  .text              ro code   0x800'2b40   0x140  heap0.o [5]
  .text              ro code   0x800'2c80    0x2c  xgetmemchunk.o [5]
  .text              ro code   0x800'2cac    0xe0  xfspos.o [5]
  .text              ro code   0x800'2d8c     0xc  xfgpos.o [5]
  .text              ro code   0x800'2d98    0x4e  lseek.o [8]
  .text              ro code   0x800'2de6     0x2  startup_stm32f072xb.o [1]
  .text              ro code   0x800'2de8    0xc0  xfwprep.o [5]
  .text              ro code   0x800'2ea8    0x24  fseek.o [5]
  .text              ro code   0x800'2ecc    0xa8  xfofind.o [5]
  .text              ro code   0x800'2f74     0x8  heaptramp0.o [5]
  .text              ro code   0x800'2f7c    0x80  fclose.o [5]
  .text              ro code   0x800'2ffc    0x18  close.o [8]
  .text              ro code   0x800'3014    0x14  remove.o [8]
  .rodata            const     0x800'3028    0x6a  xprintffull_nomb.o [5]
  .text              ro code   0x800'3092    0x54  fputc.o [5]
  .text              ro code   0x800'30e6     0x2  startup_stm32f072xb.o [1]
  .text              ro code   0x800'30e8    0x3c  xcloseall.o [5]
  .text              ro code   0x800'3124    0x3c  zero_init3.o [7]
  .text              ro code   0x800'3160    0x28  data_init.o [7]
  .iar.init_table    const     0x800'3188    0x20  - Linker created -
  .text              ro code   0x800'31a8    0x20  stm32f0xx_it.o [2]
  .text              ro code   0x800'31c8    0x10  stm32f0xx_hal.o [4]
  .text              ro code   0x800'31d8    0x1e  cmain.o [7]
  .text              ro code   0x800'31f6     0x4  low_level_init.o [5]
  .text              ro code   0x800'31fa     0x8  exit.o [5]
  .text              ro code   0x800'3202     0x2  startup_stm32f072xb.o [1]
  .text              ro code   0x800'3204     0xe  cexit.o [7]
  .text              ro code   0x800'3212     0x2  startup_stm32f072xb.o [1]
  .text              ro code   0x800'3214    0x1c  cstartup_M.o [7]
  .text              ro code   0x800'3230    0x16  xprout.o [5]
  .text              ro code   0x800'3246     0x2  startup_stm32f072xb.o [1]
  .text              ro code   0x800'3248    0x10  putchar.o [5]
  .text              ro code   0x800'3258    0x14  system_stm32f0xx.o [3]
  .text              ro code   0x800'326c    0x10  startup_stm32f072xb.o [1]
  .text              ro code   0x800'327c     0x2  startup_stm32f072xb.o [1]
  .text              ro code   0x800'327e     0x2  startup_stm32f072xb.o [1]
  .text              ro code   0x800'3280     0x2  startup_stm32f072xb.o [1]
  .text              ro code   0x800'3282     0x2  startup_stm32f072xb.o [1]
  .text              ro code   0x800'3284     0x2  startup_stm32f072xb.o [1]
  .text              ro code   0x800'3286     0x2  startup_stm32f072xb.o [1]
  .text              ro code   0x800'3288     0x2  startup_stm32f072xb.o [1]
  .text              ro code   0x800'328a     0x2  startup_stm32f072xb.o [1]
  .text              ro code   0x800'328c     0x2  startup_stm32f072xb.o [1]
  .text              ro code   0x800'328e     0x2  startup_stm32f072xb.o [1]
  .text              ro code   0x800'3290     0x2  startup_stm32f072xb.o [1]
  .text              ro code   0x800'3292     0x2  startup_stm32f072xb.o [1]
  .text              ro code   0x800'3294     0x2  startup_stm32f072xb.o [1]
  .text              ro code   0x800'3296     0x2  startup_stm32f072xb.o [1]
  .text              ro code   0x800'3298     0x2  startup_stm32f072xb.o [1]
  .text              ro code   0x800'329a     0x2  startup_stm32f072xb.o [1]
  .text              ro code   0x800'329c     0x2  startup_stm32f072xb.o [1]
  .text              ro code   0x800'329e     0x2  startup_stm32f072xb.o [1]
  .text              ro code   0x800'32a0     0x2  startup_stm32f072xb.o [1]
  .text              ro code   0x800'32a2     0x2  startup_stm32f072xb.o [1]
  .text              ro code   0x800'32a4     0x2  startup_stm32f072xb.o [1]
  .rodata            const     0x800'32a6     0x1  xlocale_c.o [5]
  .text              ro code   0x800'32a8     0x0  cstart_closeall.o [7]
  .rodata            const     0x800'32a8     0x0  zero_init3.o [7]
  .rodata            const     0x800'32a8     0x0  lz77_init_single.o [7]
  Initializer bytes  const     0x800'32a8    0x84  <for P2-1>
                             - 0x800'332c  0x326c

"P2", part 1 of 3:                          0x1b8
  P2-1                        0x2000'0000   0x1b8  <Init block>
    .data            inited   0x2000'0000    0x70  main.o [2]
    .data            inited   0x2000'0070     0xc  stm32f0xx_hal.o [4]
    .data            inited   0x2000'007c     0x4  system_stm32f0xx.o [3]
    .data            inited   0x2000'0080    0x48  xfiles.o [5]
    .data            inited   0x2000'00c8    0x48  xfiles.o [5]
    .data            inited   0x2000'0110    0x48  xfiles.o [5]
    .data            inited   0x2000'0158    0x20  xfiles.o [5]
    .data            inited   0x2000'0178    0x38  xlocale_c.o [5]
    .data            inited   0x2000'01b0     0x8  XShttio.o [5]
                            - 0x2000'01b8   0x1b8

"P2", part 2 of 3:                          0x170
  .bss               zero     0x2000'01b8    0x80  XShHandles.o [5]
  .bss               zero     0x2000'0238    0x50  xfiles.o [5]
  .bss               zero     0x2000'0288    0x50  xfiles.o [5]
  .bss               zero     0x2000'02d8    0x40  main.o [2]
  .bss               zero     0x2000'0318     0x8  heap0.o [5]
  .bss               zero     0x2000'0320     0x4  xfail_s.o [5]
  .bss               zero     0x2000'0324     0x4  xgetmemchunk.o [5]
                            - 0x2000'0328   0x170

"P2", part 3 of 3:                          0x600
  CSTACK                      0x2000'0328   0x400  <Block>
    CSTACK           uninit   0x2000'0328   0x400  <Block tail>
  HEAP                        0x2000'0728   0x200  <Block>
    HEAP             uninit   0x2000'0728   0x200  <Block tail>
                            - 0x2000'0928   0x600

Unused ranges:

         From           To      Size
         ----           --      ----
   0x800'332c   0x801'ffff  0x1'ccd4
  0x2000'0928  0x2000'3fff    0x36d8


*******************************************************************************
*** INIT TABLE
***

          Address      Size
          -------      ----
Zero (__iar_zero_init3)
    1 destination range, total size 0x170:
          0x2000'01b8  0x170

Copy/lz77 (__iar_lz77_init_single3)
    1 source range, total size 0x84 (30% of destination):
           0x800'32a8   0x84
    1 destination range, total size 0x1b8:
          0x2000'0000  0x1b8



*******************************************************************************
*** MODULE SUMMARY
***

    Module                  ro code  ro data  rw data
    ------                  -------  -------  -------
command line/config:
    -------------------------------------------------
    Total:

D:\Micha³a\OneDrive\OneDrive - Politechnika Krakowska im. Tadeusza Koœciuszki\Semestr 4\MiM_2\Lab9\src\EWARM\src\Obj\Application\EWARM: [1]
    startup_stm32f072xb.o       270
    -------------------------------------------------
    Total:                      270

D:\Micha³a\OneDrive\OneDrive - Politechnika Krakowska im. Tadeusza Koœciuszki\Semestr 4\MiM_2\Lab9\src\EWARM\src\Obj\Application\User\Core: [2]
    main.o                      648       33      176
    stm32f0xx_hal_msp.o         100
    stm32f0xx_it.o               32
    -------------------------------------------------
    Total:                      780       33      176

D:\Micha³a\OneDrive\OneDrive - Politechnika Krakowska im. Tadeusza Koœciuszki\Semestr 4\MiM_2\Lab9\src\EWARM\src\Obj\Drivers\CMSIS: [3]
    system_stm32f0xx.o           20        1        4
    -------------------------------------------------
    Total:                       20        1        4

D:\Micha³a\OneDrive\OneDrive - Politechnika Krakowska im. Tadeusza Koœciuszki\Semestr 4\MiM_2\Lab9\src\EWARM\src\Obj\Drivers\STM32F0xx_HAL_Driver: [4]
    stm32f0xx_hal.o             168        4       12
    stm32f0xx_hal_adc.o       1'140
    stm32f0xx_hal_cortex.o      140
    stm32f0xx_hal_gpio.o        424
    stm32f0xx_hal_rcc.o       1'488
    -------------------------------------------------
    Total:                    3'360        4       12

dl6M_tlf.a: [5]
    XShHandles.o                196               128
    XShttio.o                     8        3        8
    abort.o                      10
    exit.o                        8
    fclose.o                    128
    fflush.o                    180
    fputc.o                      84
    fseek.o                      36
    heap0.o                     320                 8
    heaptramp0.o                  8
    low_level_init.o              4
    printf.o                     40
    putchar.o                    16
    xcloseall.o                  60
    xfail_s.o                    72                 4
    xfgpos.o                     12
    xfiles.o                              74      408
    xfofind.o                   168
    xfspos.o                    224
    xfwprep.o                   192
    xgetmemchunk.o               44                 4
    xlocale_c.o                  12       20       56
    xprintffull_nomb.o        4'092      106
    xprout.o                     22
    -------------------------------------------------
    Total:                    5'936      203      616

m6M_tl.a: [6]
    DblAddSub.o                 424
    DblCmpGe.o                   50
    DblCmpLe.o                   50
    DblDiv.o                    194
    DblMul.o                    388
    DblToI32.o                   82
    IxxToDbl.o                   52
    frexp.o                      42
    ldexp.o                     112
    -------------------------------------------------
    Total:                    1'394

rt6M_tl.a: [7]
    ABImemcpy.o                  78
    ABImemset_small.o            16
    I32DivMod.o                  94
    I64DivMod.o                 124
    I64DivZer.o                   2
    IntDivZer.o                   2
    cexit.o                      14
    cmain.o                      30
    cstart_closeall.o
    cstartup_M.o                 28
    data_init.o                  40
    lz77_init_single.o          126
    memchr.o                     22
    memset.o                     20
    strchr.o                     18
    strlen.o                     14
    zero_init3.o                 60
    -------------------------------------------------
    Total:                      688

shb_l.a: [8]
    close.o                      24
    dwrite.o                     30
    exit.o                       20
    iarttio.o                   124
    iarwrite.o                   34
    iarwstd.o                    32
    lseek.o                      78
    remove.o                     20
    write.o                      16
    -------------------------------------------------
    Total:                      378

    Gaps                          1
    Linker created                        32    1'536
-----------------------------------------------------
    Grand Total:             12'827      273    2'344


*******************************************************************************
*** ENTRY LIST
***

Entry                       Address   Size  Type      Object
-----                       -------   ----  ----      ------
.iar.init_table$$Base    0x800'3188          --   Gb  - Linker created -
.iar.init_table$$Limit   0x800'31a8          --   Gb  - Linker created -
?main                    0x800'31d9         Code  Gb  cmain.o [7]
ADC1_COMP_IRQHandler     0x800'31b9    0xa  Code  Gb  stm32f0xx_it.o [2]
ADC_Enable               0x800'2391   0x76  Code  Lc  stm32f0xx_hal_adc.o [4]
ADC_last                0x2000'0054    0x4  Data  Gb  main.o [2]
ADC_raw                 0x2000'0050    0x4  Data  Gb  main.o [2]
AHBPrescTable            0x800'325c   0x10  Data  Gb  system_stm32f0xx.o [3]
Aldata                  0x2000'0318    0x8  Data  Lc  heap0.o [5]
CSTACK$$Base            0x2000'0328          --   Gb  - Linker created -
CSTACK$$Limit           0x2000'0728          --   Gb  - Linker created -
Error_Handler            0x800'26f5    0x4  Code  Gb  main.o [2]
HAL_ADC_ConfigChannel    0x800'228f  0x102  Code  Gb  stm32f0xx_hal_adc.o [4]
HAL_ADC_ConvCpltCallback
                         0x800'24c9   0xe8  Code  Gb  main.o [2]
HAL_ADC_ErrorCallback    0x800'271b    0x2  Code  Gb  stm32f0xx_hal_adc.o [4]
HAL_ADC_GetValue         0x800'21b1    0x6  Code  Gb  stm32f0xx_hal_adc.o [4]
HAL_ADC_IRQHandler       0x800'21b7   0xd8  Code  Gb  stm32f0xx_hal_adc.o [4]
HAL_ADC_Init             0x800'1fbd  0x164  Code  Gb  stm32f0xx_hal_adc.o [4]
HAL_ADC_LevelOutOfWindowCallback
                         0x800'2719    0x2  Code  Gb  stm32f0xx_hal_adc.o [4]
HAL_ADC_MspInit          0x800'2457   0x30  Code  Gb  stm32f0xx_hal_msp.o [2]
HAL_ADC_Start_IT         0x800'2129   0x70  Code  Gb  stm32f0xx_hal_adc.o [4]
HAL_Delay                0x800'29e5   0x28  Code  Gb  stm32f0xx_hal.o [4]
HAL_GPIO_Init            0x800'27f9  0x17e  Code  Gb  stm32f0xx_hal_gpio.o [4]
HAL_GPIO_WritePin        0x800'2977    0xc  Code  Gb  stm32f0xx_hal_gpio.o [4]
HAL_GetTick              0x800'1ee1    0xc  Code  Gb  stm32f0xx_hal.o [4]
HAL_IncTick              0x800'31c9   0x10  Code  Gb  stm32f0xx_hal.o [4]
HAL_Init                 0x800'29b1   0x1a  Code  Gb  stm32f0xx_hal.o [4]
HAL_InitTick             0x800'1eed   0x44  Code  Gb  stm32f0xx_hal.o [4]
HAL_MspInit              0x800'242d   0x2a  Code  Gb  stm32f0xx_hal_msp.o [2]
HAL_NVIC_EnableIRQ       0x800'1f73   0x12  Code  Gb  stm32f0xx_hal_cortex.o [4]
HAL_NVIC_SetPriority     0x800'1f6b    0x8  Code  Gb  stm32f0xx_hal_cortex.o [4]
HAL_RCC_ClockConfig      0x800'1d3d  0x106  Code  Gb  stm32f0xx_hal_rcc.o [4]
HAL_RCC_GetSysClockFreq
                         0x800'1e49   0x50  Code  Gb  stm32f0xx_hal_rcc.o [4]
HAL_RCC_GetSysClockFreq::aPLLMULFactorTable
                         0x800'1ec0   0x10  Data  Lc  stm32f0xx_hal_rcc.o [4]
HAL_RCC_GetSysClockFreq::aPredivFactorTable
                         0x800'1ed0   0x10  Data  Lc  stm32f0xx_hal_rcc.o [4]
HAL_RCC_OscConfig        0x800'1911  0x41e  Code  Gb  stm32f0xx_hal_rcc.o [4]
HAL_SYSTICK_Config       0x800'1f85   0x28  Code  Gb  stm32f0xx_hal_cortex.o [4]
HEAP$$Base              0x2000'0728          --   Gb  - Linker created -
HEAP$$Limit             0x2000'0928          --   Gb  - Linker created -
HardFault_Handler        0x800'31ab    0x2  Code  Gb  stm32f0xx_it.o [2]
NMI_Handler              0x800'31a9    0x2  Code  Gb  stm32f0xx_it.o [2]
PendSV_Handler           0x800'31af    0x2  Code  Gb  stm32f0xx_it.o [2]
Region$$Table$$Base      0x800'3188          --   Gb  - Linker created -
Region$$Table$$Limit     0x800'31a8          --   Gb  - Linker created -
SVC_Handler              0x800'31ad    0x2  Code  Gb  stm32f0xx_it.o [2]
SysTick_Handler          0x800'31b1    0x8  Code  Gb  stm32f0xx_it.o [2]
SystemClock_Config       0x800'269d   0x58  Code  Gb  main.o [2]
SystemCoreClock         0x2000'007c    0x4  Data  Gb  system_stm32f0xx.o [3]
SystemInit               0x800'3259    0x2  Code  Gb  system_stm32f0xx.o [3]
_Close_all               0x800'30e9   0x3c  Code  Gb  xcloseall.o [5]
_Files                  0x2000'0158   0x20  Data  Gb  xfiles.o [5]
_Fofree                  0x800'2ecd   0xa0  Code  Gb  xfofind.o [5]
_Fspos                   0x800'2cad   0xe0  Code  Gb  xfspos.o [5]
_Fwprep                  0x800'2de9   0xc0  Code  Gb  xfwprep.o [5]
_LitobFullNoMb           0x800'0ef5  0x124  Code  Lc  xprintffull_nomb.o [5]
_Locale_lconv           0x2000'0178   0x38  Data  Lc  xlocale_c.o [5]
_Nnl                     0x800'2d8d    0xc  Code  Gb  xfgpos.o [5]
_PrintfFullNoMb          0x800'00c1  0xe34  Code  Gb  xprintffull_nomb.o [5]
_Prout                   0x800'3231   0x16  Code  Gb  xprout.o [5]
_PutcharFullNoMb         0x800'1065   0x22  Code  Lc  xprintffull_nomb.o [5]
_PutcharsFullNoMb        0x800'1087   0x36  Code  Lc  xprintffull_nomb.o [5]
__ICFEDIT_region_RAM_end__ {Abs}
                        0x2000'3fff         Data  Gb  <internal module>
__ICFEDIT_region_RAM_start__ {Abs}
                        0x2000'0000         Data  Gb  <internal module>
__NVIC_SetPriority       0x800'1f31   0x3a  Code  Lc  stm32f0xx_hal_cortex.o [4]
__aeabi_cdcmple          0x800'1235         Code  Gb  DblCmpLe.o [6]
__aeabi_cdrcmple         0x800'1267         Code  Gb  DblCmpGe.o [6]
__aeabi_d2iz             0x800'1309         Code  Gb  DblToI32.o [6]
__aeabi_d2uiz            0x800'132d         Code  Gb  DblToI32.o [6]
__aeabi_ddiv             0x800'1597         Code  Gb  DblDiv.o [6]
__aeabi_dmul             0x800'1659         Code  Gb  DblMul.o [6]
__aeabi_dsub             0x800'144b         Code  Gb  DblAddSub.o [6]
__aeabi_i2d              0x800'137d         Code  Gb  IxxToDbl.o [6]
__aeabi_idiv0            0x800'1871         Code  Gb  IntDivZer.o [7]
__aeabi_ldiv0            0x800'1875         Code  Gb  I64DivZer.o [7]
__aeabi_memcpy           0x800'11f1         Code  Gb  ABImemcpy.o [7]
__aeabi_memcpy4          0x800'11bd         Code  Gb  ABImemcpy.o [7]
__aeabi_memcpy8          0x800'11bd         Code  Gb  ABImemcpy.o [7]
__aeabi_ui2d             0x800'135d         Code  Gb  IxxToDbl.o [6]
__aeabi_uldivmod         0x800'17e9         Code  Gb  I64DivMod.o [7]
__basic_free             0x800'2bf1   0x16  Code  Gb  heap0.o [5]
__basic_free_intern      0x800'2c07   0x76  Code  Lc  heap0.o [5]
__basic_malloc           0x800'2b41   0x18  Code  Gb  heap0.o [5]
__basic_malloc_intern    0x800'2b59   0x98  Code  Lc  heap0.o [5]
__cexit_closeall         0x800'3207         Code  Gb  cexit.o [7]
__close                  0x800'2ffd   0x18  Code  Gb  close.o [8]
__cmain                  0x800'31d9         Code  Gb  cmain.o [7]
__cstart_closeall        0x800'32a8         Data  Gb  cstart_closeall.o [7]
__data_GetMemChunk       0x800'2c81   0x2c  Code  Gb  xgetmemchunk.o [5]
__data_GetMemChunk::start
                        0x2000'0324    0x4  Data  Lc  xgetmemchunk.o [5]
__dwrite                 0x800'2a1d   0x1e  Code  Gb  dwrite.o [8]
__exit                   0x800'1879   0x14  Code  Gb  exit.o [8]
__iar_Fail_s             0x800'114d   0x22  Code  Gb  xfail_s.o [5]
__iar_Memchr             0x800'11a5         Code  Gb  memchr.o [7]
__iar_Memcpy             0x800'11fd         Code  Gb  ABImemcpy.o [7]
__iar_Stderr            0x2000'0110   0x48  Data  Gb  xfiles.o [5]
__iar_Stdin             0x2000'0080   0x48  Data  Gb  xfiles.o [5]
__iar_Stdout            0x2000'00c8   0x48  Data  Gb  xfiles.o [5]
__iar_Strchr             0x800'10bd         Code  Gb  strchr.o [7]
__iar_close_ttio         0x800'188d   0x2c  Code  Gb  iarttio.o [8]
__iar_d2uiz              0x800'1331         Code  Gb  DblToI32.o [6]
__iar_data_init3         0x800'3161   0x28  Code  Gb  data_init.o [7]
__iar_frexp              0x800'1217         Code  Gb  frexp.o [6]
__iar_frexp64            0x800'120b         Code  Gb  frexp.o [6]
__iar_frexpl             0x800'1217         Code  Gb  frexp.o [6]
__iar_get_ttio           0x800'18b9   0x4c  Code  Gb  iarttio.o [8]
__iar_ldexp64            0x800'1299         Code  Gb  ldexp.o [6]
__iar_lookup_ttioh       0x800'1909    0x8  Code  Gb  XShttio.o [5]
__iar_lz77_init_single3
                         0x800'10cf   0x7e  Code  Gb  lz77_init_single.o [7]
__iar_program_start      0x800'3215         Code  Gb  cstartup_M.o [7]
__iar_scalbln64          0x800'1299         Code  Gb  ldexp.o [6]
__iar_scalbn64           0x800'1299         Code  Gb  ldexp.o [6]
__iar_sh_Discard         0x800'2a7d   0x3e  Code  Gb  XShHandles.o [5]
__iar_sh_Move            0x800'2abb   0x44  Code  Gb  XShHandles.o [5]
__iar_sh_Pos             0x800'2aff   0x3e  Code  Gb  XShHandles.o [5]
__iar_sh_stdout          0x800'2a3b   0x20  Code  Gb  iarwstd.o [8]
__iar_sh_write           0x800'2a5b   0x22  Code  Gb  iarwrite.o [8]
__iar_small_Memset4_word
                         0x800'29a5         Code  Gb  ABImemset_small.o [7]
__iar_small_Memset_word
                         0x800'29a5         Code  Gb  ABImemset_small.o [7]
__iar_small_idiv         0x800'1539         Code  Gb  I32DivMod.o [7]
__iar_small_idivmod      0x800'1539         Code  Gb  I32DivMod.o [7]
__iar_small_memclr       0x800'29a1         Code  Gb  ABImemset_small.o [7]
__iar_small_memclr4      0x800'29a1         Code  Gb  ABImemset_small.o [7]
__iar_small_memclr8      0x800'29a1         Code  Gb  ABImemset_small.o [7]
__iar_small_memset       0x800'29a5         Code  Gb  ABImemset_small.o [7]
__iar_small_memset4      0x800'29a5         Code  Gb  ABImemset_small.o [7]
__iar_small_memset8      0x800'29a5         Code  Gb  ABImemset_small.o [7]
__iar_small_uidiv        0x800'1561         Code  Gb  I32DivMod.o [7]
__iar_small_uidivmod     0x800'1561         Code  Gb  I32DivMod.o [7]
__iar_ttio_handles      0x2000'01b0    0x8  Data  Lc  XShttio.o [5]
__iar_zero_init3         0x800'3125   0x3c  Code  Gb  zero_init3.o [7]
__low_level_init         0x800'31f7    0x4  Code  Gb  low_level_init.o [5]
__lseek                  0x800'2d99   0x4e  Code  Gb  lseek.o [8]
__vector_table           0x800'0000         Data  Gb  startup_stm32f072xb.o [1]
__write                  0x800'2a0d   0x10  Code  Gb  write.o [8]
_call_main               0x800'31e5         Code  Gb  cmain.o [7]
_exit                    0x800'3205         Code  Gb  cexit.o [7]
abort                    0x800'1865    0xa  Code  Gb  abort.o [5]
blue_diode              0x2000'006c    0x4  Data  Gb  main.o [2]
difference              0x2000'0058    0x4  Data  Gb  main.o [2]
ebuf                    0x2000'0238   0x50  Data  Lc  xfiles.o [5]
exit                     0x800'31fb    0x8  Code  Gb  exit.o [5]
fclose                   0x800'2f7d   0x80  Code  Gb  fclose.o [5]
fflush                   0x800'27b9   0x38  Code  Gb  fflush.o [5]
fflushOne                0x800'2745   0x74  Code  Lc  fflush.o [5]
first_run               0x2000'0064    0x4  Data  Gb  main.o [2]
fputc                    0x800'3093   0x54  Code  Gb  fputc.o [5]
free                     0x800'2f75    0x8  Code  Gb  heaptramp0.o [5]
frexp                    0x800'120b         Code  Gb  frexp.o [6]
frexpl                   0x800'120b         Code  Gb  frexp.o [6]
fseek                    0x800'2ea9   0x24  Code  Gb  fseek.o [5]
hadc                    0x2000'02d8   0x40  Data  Gb  main.o [2]
hist_data               0x2000'0000   0x50  Data  Gb  main.o [2]
index                   0x2000'0060    0x4  Data  Gb  main.o [2]
ldexp                    0x800'1299         Code  Gb  ldexp.o [6]
ldexpl                   0x800'1299         Code  Gb  ldexp.o [6]
localeconv               0x800'17dd    0x4  Code  Gb  xlocale_c.o [5]
main                     0x800'25b1   0xd2  Code  Gb  main.o [2]
max_element              0x800'2491   0x1c  Code  Gb  main.o [2]
memchr                   0x800'11a5         Code  Gb  memchr.o [7]
memset                   0x800'29d1   0x14  Code  Gb  memset.o [7]
min_element              0x800'24ad   0x1c  Code  Gb  main.o [2]
obuf                    0x2000'0288   0x50  Data  Lc  xfiles.o [5]
printf                   0x800'271d   0x28  Code  Gb  printf.o [5]
putchar                  0x800'3249   0x10  Code  Gb  putchar.o [5]
red_diode               0x2000'0068    0x4  Data  Gb  main.o [2]
remove                   0x800'3015   0x14  Code  Gb  remove.o [8]
sFileInfo               0x2000'01b8   0x80  Data  Lc  XShHandles.o [5]
scalbln                  0x800'1299         Code  Gb  ldexp.o [6]
scalblnl                 0x800'1299         Code  Gb  ldexp.o [6]
scalbn                   0x800'1299         Code  Gb  ldexp.o [6]
scalbnl                  0x800'1299         Code  Gb  ldexp.o [6]
scale                    0x800'1019   0x44  Code  Lc  xprintffull_nomb.o [5]
sec_hand                0x2000'0320    0x4  Data  Lc  xfail_s.o [5]
sizeOfTable             0x2000'005c    0x4  Data  Gb  main.o [2]
strchr                   0x800'10bd         Code  Gb  strchr.o [7]
strlen                   0x800'1195         Code  Gb  strlen.o [7]
uwTick                  0x2000'0074    0x4  Data  Gb  stm32f0xx_hal.o [4]
uwTickFreq              0x2000'0070    0x1  Data  Gb  stm32f0xx_hal.o [4]
uwTickPrio              0x2000'0078    0x4  Data  Gb  stm32f0xx_hal.o [4]


[1] = D:\Micha³a\OneDrive\OneDrive - Politechnika Krakowska im. Tadeusza Koœciuszki\Semestr 4\MiM_2\Lab9\src\EWARM\src\Obj\Application\EWARM
[2] = D:\Micha³a\OneDrive\OneDrive - Politechnika Krakowska im. Tadeusza Koœciuszki\Semestr 4\MiM_2\Lab9\src\EWARM\src\Obj\Application\User\Core
[3] = D:\Micha³a\OneDrive\OneDrive - Politechnika Krakowska im. Tadeusza Koœciuszki\Semestr 4\MiM_2\Lab9\src\EWARM\src\Obj\Drivers\CMSIS
[4] = D:\Micha³a\OneDrive\OneDrive - Politechnika Krakowska im. Tadeusza Koœciuszki\Semestr 4\MiM_2\Lab9\src\EWARM\src\Obj\Drivers\STM32F0xx_HAL_Driver
[5] = dl6M_tlf.a
[6] = m6M_tl.a
[7] = rt6M_tl.a
[8] = shb_l.a

  12'827 bytes of readonly  code memory
     273 bytes of readonly  data memory
   2'344 bytes of readwrite data memory

Errors: none
Warnings: none
